+-------+---------+
| 键    | 值值    |
+-------+---------+
| V版本 | V 0.2.2 |
+-------+---------+
