+--------+-----+--------+
| Name   | Age | Sex    |
+--------+-----+--------+
| Max    | 13  | male   |
| Moritz | 12  | male   |
| Lisa   | 42  | female |
+--------+-----+--------+
